/*
 * Copyright Camunda Services GmbH and/or licensed to Camunda Services GmbH under
 * one or more contributor license agreements. See the NOTICE file distributed
 * with this work for additional information regarding copyright ownership.
 * Licensed under the Camunda License 1.0. You may not use this file
 * except in compliance with the Camunda License 1.0.
 */
// TODO recreate C8 IT equivalent of this with #13337
// TODO recreate C8 IT equivalent of this with #13337
//package io.camunda.optimize.upgrade.migrate313to86;
//
//import io.camunda.optimize.upgrade.AbstractUpgradeIT;
//import io.camunda.optimize.upgrade.migrate313to86.indices.CombinedReportIndexV5;
//import io.camunda.optimize.upgrade.migrate313to86.indices.LicenseIndexV3;
//import io.camunda.optimize.upgrade.migrate313to86.indices.OnboardingStateIndexV2;
//import io.camunda.optimize.upgrade.migrate313to86.indices.ProcessInstanceArchiveIndexV8;
//import io.camunda.optimize.upgrade.migrate313to86.indices.SettingsIndexV2;
//import io.camunda.optimize.upgrade.migrate313to86.indices.SingleProcessReportIndexV11;
//import io.camunda.optimize.upgrade.plan.UpgradePlan;
//import io.camunda.optimize.upgrade.plan.UpgradePlanRegistry;
//import java.util.List;
//import org.junit.jupiter.api.BeforeEach;
//
//public class AbstractUpgrade86IT extends AbstractUpgradeIT {
//
//  protected static final String FROM_VERSION = "3.13.0";
//  protected static final String TO_VERSION = "8.6.0";
//  private static final String EXAMPLE_PROCESS_KEY_1 = "aDefinitionKey1";
//  private static final String EXAMPLE_PROCESS_KEY_2 = "aDefinitionKey2";
//
//  protected final OnboardingStateIndexV2 ONBOARDING_STATE_INDEX = new OnboardingStateIndexV2();
//  protected final SettingsIndexV2 SETTINGS_INDEX = new SettingsIndexV2();
//  protected final ProcessInstanceArchiveIndexV8 PROCESS_INSTANCE_ARCHIVE_INDEX_1 =
//      new ProcessInstanceArchiveIndexV8(EXAMPLE_PROCESS_KEY_1);
//  protected final ProcessInstanceArchiveIndexV8 PROCESS_INSTANCE_ARCHIVE_INDEX_2 =
//      new ProcessInstanceArchiveIndexV8(EXAMPLE_PROCESS_KEY_2);
//  protected final LicenseIndexV3 LICENSE_INDEX = new LicenseIndexV3();
//  protected final CombinedReportIndexV5 COMBINED_REPORT_INDEX = new CombinedReportIndexV5();
//  protected final SingleProcessReportIndexV11 SINGLE_PROCESS_REPORT_INDEX =
//      new SingleProcessReportIndexV11();
//
//  @Override
//  @BeforeEach
//  protected void setUp() throws Exception {
//    super.setUp();
//    initSchema(
//        List.of(
//            ONBOARDING_STATE_INDEX,
//            SETTINGS_INDEX,
//            PROCESS_INSTANCE_ARCHIVE_INDEX_1,
//            PROCESS_INSTANCE_ARCHIVE_INDEX_2,
//            COMBINED_REPORT_INDEX,
//            SINGLE_PROCESS_REPORT_INDEX,
//            LICENSE_INDEX));
//    setMetadataVersion(FROM_VERSION);
//  }
//
//  protected void performUpgrade() {
//    final List<UpgradePlan> upgradePlans =
//        new UpgradePlanRegistry(upgradeDependencies)
//            .getSequentialUpgradePlansToTargetVersion(TO_VERSION);
//    upgradePlans.forEach(plan -> upgradeProcedure.performUpgrade(plan));
//  }
//}
